../Core/Src/main.c:94:5:main	16	static
../Core/Src/main.c:158:6:SystemClock_Config	88	static
../Core/Src/main.c:205:13:MX_I2S2_Init	8	static
../Core/Src/main.c:239:13:MX_USART2_UART_Init	8	static
../Core/Src/main.c:270:13:MX_DMA_Init	16	static
../Core/Src/main.c:291:13:MX_GPIO_Init	48	static
../Core/Src/main.c:327:6:send_buffer_over_uart	128	static
../Core/Src/main.c:354:6:HAL_I2S_RxHalfCpltCallback	24	static
../Core/Src/main.c:365:6:HAL_I2S_RxCpltCallback	24	static
../Core/Src/main.c:381:6:Error_Handler	8	static,ignoring_inline_asm
